
	MAP
	NAME MAPPO
	STATUS ON
	TRANSPARENT ON
	IMAGECOLOR 255 1 1
	SIZE 250 250
	EXTENT 8.5 45.36 8.8 45.60
	UNITS dd
	MAXSIZE 250000
	CONFIG "MS_ERRORFILE" "/etc/mapserver/mapfiles/layers/mapserver.log"
	#SHAPEPATH "/mnt/data/shp"
	FONTSET "/etc/mapserver/font.txt"
	#CONFIG "PROJ_LIB" "/usr/share/proj/epsg"
	#SYMBOLSET "/opt/mapserver/mapfiles/symbols/symbols.sym"
	OUTPUTFORMAT
	  NAME "png8"
	  DRIVER AGG/PNG8
	  MIMETYPE "image/png; mode=8bit"
	  IMAGEMODE RGB
	  EXTENSION "png"
	  FORMATOPTION "QUANTIZE_FORCE=on"
	  FORMATOPTION "QUANTIZE_COLORS=256"
	  FORMATOPTION "GAMMA=0.75"
	END	
	PROJECTION
	"init=epsg:4326"
	END
	LEGEND
	  STATUS ON
	  KEYSIZE 18 12
	  KEYSPACING 35 10 
	  # LABEL object
	  LABEL
	    TYPE BITMAP
	    SIZE small
	    COLOR 0 0 89
	  END
	  #TEMPLATE "legend.html"  ### HTML template file
	END
	
	WEB
	

	METADATA
	"ows_enable_request" "*"
	"wms_enable_request" "*"
	"wfs_enable_request" "*"
	"sos_enable_request" "*"
	"wcs_enable_request" "*"
	"wms_title"		"seemhews"
	"wms_srs"	"EPSG:4326 EPSG:3857 "
	END
	END
	
	#INCLUDE "ALADIN_geopotential.map"
	#INCLUDE "ALADIN_humidity.map"
	#INCLUDE "ALADIN_precipitation.map"
	INCLUDE "ALADIN_pressure.map"
	INCLUDE "ALADIN_temperature.map"
	INCLUDE "ALADIN_wind.map"

	END
