
	MAP
	NAME SEEMHEWS
	STATUS ON
	TRANSPARENT ON
	IMAGECOLOR 255 255 255
	SIZE 250 250
	EXTENT 8.5 45.36 8.8 45.60
	UNITS dd
	MAXSIZE 250000
	CONFIG "MS_ERRORFILE" "/home/logs/d.log"
	FONTSET "/etc/mapserver/font.txt"
	OUTPUTFORMAT
	  NAME "png8"
	  DRIVER AGG/PNG8
	  MIMETYPE "image/png; mode=8bit"
	  IMAGEMODE RGB
	  EXTENSION "png"
	  FORMATOPTION "QUANTIZE_FORCE=on"
	  FORMATOPTION "QUANTIZE_COLORS=256"
	  FORMATOPTION "GAMMA=0.75"
	END
	PROJECTION
	"init=epsg:4326"
	END
	LEGEND
	  STATUS ON
	  KEYSIZE 18 12
	  KEYSPACING 15 5
	  # LABEL object
	  LABEL
	    TYPE BITMAP
	    SIZE small
	    COLOR 0 0 89
	  END
	END

	WEB


	METADATA
	"ows_enable_request" "*"
	"wms_enable_request" "*"
	"wfs_enable_request" "*"
	"sos_enable_request" "*"
	"wcs_enable_request" "*"
	"wms_title"		"d"
	"wms_srs"	"EPSG:4326 EPSG:3857 EPSG:3035"
	END

	END
LAYER
VALIDATION
	"run" "[a-zA-Z_\-\s0-9\.\/]+"
	"step" "[a-zA-Z_\-\s0-9\.\/]+"
	"model" "[a-zA-Z_\-\s0-9\.\/]+"
	"level" "[a-zA-Z_\-\s0-9\.\/]+"
END
DATA '/var/s3fs/nwp/GEOTIFF/%model%/%run%/%run%_%step%_d_%level%.tif'
NAME "d"
TYPE RASTER
METADATA
"gml_featureid"		"gid"
"gml_include_items"	"all"
"wms_title"		"d"
"ows_include_items" "all"
END
OPACITY 100
STATUS OFF
PROJECTION
"init=epsg:4326"
END

CLASS

  EXPRESSION ([pixel] >= -40 AND [pixel] < -28)
  STYLE
    COLOR 0 0 128
  END #STYLE
END #end class

CLASS
  EXPRESSION ([pixel] >= -28 AND [pixel] < -24)
  STYLE
    COLOR 0 0 217
  END #STYLE
END #end class

CLASS
  EXPRESSION ([pixel] >= -24 AND [pixel] < -20)
  STYLE
    COLOR 64 0 255
  END #STYLE
END #end class

CLASS
  EXPRESSION ([pixel] >= -20 AND [pixel] < -16)
  STYLE
    COLOR 128 0 255
  END #STYLE
END #end class

CLASS
  EXPRESSION ([pixel] >= -16 AND [pixel] < -12)
  STYLE
    COLOR 0 128 255
  END #STYLE
END #end class

CLASS
  EXPRESSION ([pixel] >= -12 AND [pixel] < -8)
  STYLE
    COLOR 0 255 255
  END #STYLE
END #end class

CLASS
  EXPRESSION ([pixel] >= -8 AND [pixel] < -4)
  STYLE
    COLOR 0 255 128
  END #STYLE
END #end class

CLASS
  EXPRESSION ([pixel] >= -4 AND [pixel] < 0)
  STYLE
    COLOR 128 255 0
  END #STYLE
END #end class

CLASS
  EXPRESSION ([pixel] >= 0 AND [pixel] < 4)
  STYLE
    COLOR 218 255 0
  END #STYLE
END #end class

CLASS
  EXPRESSION ([pixel] >= 4 AND [pixel] < 8)
  STYLE
    COLOR 255 255 0
  END #STYLE
END #end class

CLASS
  EXPRESSION ([pixel] >= 8 AND [pixel] < 12)
  STYLE
    COLOR 255 246 0
  END #STYLE
END #end class

CLASS
  EXPRESSION ([pixel] >= 12 AND [pixel] < 16)
  STYLE
    COLOR 255 218 0
  END #STYLE
END #end class

CLASS
  EXPRESSION ([pixel] >= 16 AND [pixel] < 20)
  STYLE
    COLOR 255 176 0
  END #STYLE
END #end class

CLASS
  EXPRESSION ([pixel] >= 20 AND [pixel] < 24)
  STYLE
    COLOR 255 128 0
  END #STYLE
END #end class

CLASS
  EXPRESSION ([pixel] >= 24 AND [pixel] < 28)
  STYLE
    COLOR 255 79 0
  END #STYLE
END #end class

CLASS
  EXPRESSION ([pixel] >= 28 AND [pixel] < 32)
  STYLE
    COLOR 255 37 0
  END #STYLE
END #end class

CLASS
  EXPRESSION ([pixel] >= 32 AND [pixel] < 36)
  STYLE
    COLOR 255 9 0
  END #STYLE
END #end class

CLASS
  EXPRESSION ([pixel] >= 36 AND [pixel] < 40)
  STYLE
    COLOR 255 0 0
  END #STYLE
END #end class

CLASS
  EXPRESSION ([pixel] >= 40)
  STYLE
    COLOR 255 0 255
  END #STYLE
END #end class

END

END #MAP