
	MAP
	NAME SEEMHEWS
	STATUS ON
	TRANSPARENT ON
	IMAGECOLOR 255 255 255
	SIZE 250 250
	EXTENT 8.5 45.36 8.8 45.60
	UNITS dd
	MAXSIZE 250000
	CONFIG "MS_ERRORFILE" "/home/logs/gust.log"
	FONTSET "/etc/mapserver/font.txt"
	OUTPUTFORMAT
	  NAME "png8"
	  DRIVER AGG/PNG8
	  MIMETYPE "image/png; mode=8bit"
	  IMAGEMODE RGB
	  EXTENSION "png"
	  FORMATOPTION "QUANTIZE_FORCE=on"
	  FORMATOPTION "QUANTIZE_COLORS=256"
	  FORMATOPTION "GAMMA=0.75"
	END
	PROJECTION
	"init=epsg:4326"
	END
	LEGEND
	  STATUS ON
	  KEYSIZE 18 12
	  KEYSPACING 15 5
	  # LABEL object
	  LABEL
	    TYPE BITMAP
	    SIZE small
	    COLOR 0 0 89
	  END
	END

	WEB


	METADATA
	"ows_enable_request" "*"
	"wms_enable_request" "*"
	"wfs_enable_request" "*"
	"sos_enable_request" "*"
	"wcs_enable_request" "*"
	"wms_title"		"gust"
	"wms_srs"	"EPSG:4326 EPSG:3857 EPSG:3035"
	END

	END
LAYER
VALIDATION
	"run" "[a-zA-Z_\-\s0-9\.\/]+"
	"step" "[a-zA-Z_\-\s0-9\.\/]+"
	"model" "[a-zA-Z_\-\s0-9\.\/]+"
	"level" "[a-zA-Z_\-\s0-9\.\/]+"
END
DATA '/var/s3fs/nwp/GEOTIFF/%model%/%run%/%run%_%step%_gust_%level%.tif'
NAME "gust"
TYPE RASTER
METADATA
"gml_featureid"		"gid"
"gml_include_items"	"all"
"wms_title"		"gust"
"ows_include_items" "all"
END
OPACITY 100
STATUS OFF
PROJECTION
#"init=epsg:4326"
AUTO
END


CLASS
  NAME "BF 0"
  EXPRESSION ([pixel] < 0.3)
  STYLE
    COLOR "#73CBFD"
  END #STYLE
END #end class
CLASS
  NAME "BF 1"
  EXPRESSION ([pixel] >= 0.3 AND [pixel] < 1.5)
  STYLE
    COLOR "#A9CBFD"
  END #STYLE
END #end class
CLASS
  NAME "BF 2"
  EXPRESSION ([pixel] >= 1.5 AND [pixel] < 3.3)
  STYLE
    COLOR "#90FFFF"
  END #STYLE
END #end class
CLASS
  NAME "BF 3"
  EXPRESSION ([pixel] >= 3.3 AND [pixel] < 5.5)
  STYLE
    COLOR "#DBFFFF"
  END #STYLE
END #end class
CLASS
  NAME "BF 4"
  EXPRESSION ([pixel] >= 5.5 AND [pixel] < 8.0)
  STYLE
    COLOR "#DBFFCD"
  END #STYLE
END #end class
CLASS
  NAME "BF 5"
  EXPRESSION ([pixel] >= 8.0 AND [pixel] < 10.8)
  STYLE
    COLOR "#FFFF9E"
  END #STYLE
END #end class
CLASS
  NAME "BF 6"
  EXPRESSION ([pixel] >= 10.8 AND [pixel] < 13.9)
  STYLE
    COLOR "#F1CB30"
  END #STYLE
END #end class
CLASS
  NAME "BF 7"
  EXPRESSION ([pixel] >= 13.9 AND [pixel] < 17.2)
  STYLE
    COLOR "#E79924"
  END #STYLE
END #end class
CLASS
  NAME "BF 8"
  EXPRESSION ([pixel] >= 17.2 AND [pixel] < 20.7)
  STYLE
    COLOR "#E06516"
  END #STYLE
END #end class
CLASS
  NAME "BF 9"
  EXPRESSION ([pixel] >= 20.7 AND [pixel] < 24.5)
  STYLE
    COLOR "#E06500"
  END #STYLE
END #end class
CLASS
  NAME "BF 10"
  EXPRESSION ([pixel] >= 24.5 AND [pixel] < 28.4)
  STYLE
    COLOR "#DB0000"
  END #STYLE
END #end class
CLASS
  NAME "BF 11"
  EXPRESSION ([pixel] >= 28.4 AND [pixel] < 32.6)
  STYLE
    COLOR "#853606"
  END #STYLE
END #end class
CLASS
  NAME "BF 12"
  EXPRESSION ([pixel] >= 32.6)
  STYLE
    COLOR "#853663"
  END #STYLE
END #end class




#CLASS
#  EXPRESSION ([pixel] >= 10 AND [pixel] < 15)
#  STYLE
#    COLOR "#FFFF00"
#  END #STYLE
#END #end class
#
#CLASS
#  EXPRESSION ([pixel] >= 15 AND [pixel] < 20)
#  STYLE
#    COLOR "#FFDB00"
#  END #STYLE
#END #end class
#
#CLASS
#  EXPRESSION ([pixel] >= 20 AND [pixel] < 25)
#  STYLE
#    COLOR "#FFB600"
#  END #STYLE
#END #end class
#
#CLASS
#  EXPRESSION ([pixel] >= 25 AND [pixel] < 30)
#  STYLE
#    COLOR "#FF9200"
#  END #STYLE
#END #end class
#
#CLASS
#  EXPRESSION ([pixel] >= 30 AND [pixel] < 40)
#  STYLE
#    COLOR "#FF6D00"
#  END #STYLE
#END #end class
#
#CLASS
#  EXPRESSION ([pixel] >= 40 AND [pixel] < 50)
#  STYLE
#    COLOR "#FF4900"
#  END #STYLE
#END #end class
#
#CLASS
#  EXPRESSION ([pixel] >= 50 AND [pixel] < 60)
#  STYLE
#    COLOR "#FF2400"
#  END #STYLE
#END #end class
#
#CLASS
#  EXPRESSION ([pixel] >= 60 AND [pixel] < 70)
#  STYLE
#    COLOR "#FF0000"
#  END #STYLE
#END #end class


END

END #MAP