
	MAP
	NAME SEEMHEWS
	STATUS ON
	IMAGECOLOR 255 255 255
	SIZE 250 250
	EXTENT 8.5 45.36 8.8 45.60
	UNITS dd
	MAXSIZE 250000
	CONFIG "MS_ERRORFILE" "/home/logs/sm_rivers.log"
	FONTSET "/etc/mapserver/font.txt"
	OUTPUTFORMAT
	  NAME "png8"
	  DRIVER AGG/PNG8
	  MIMETYPE "image/png; mode=8bit"
	  IMAGEMODE RGB
	  EXTENSION "png"
	  FORMATOPTION "QUANTIZE_FORCE=on"
	  FORMATOPTION "QUANTIZE_COLORS=256"
	  FORMATOPTION "GAMMA=0.75"
	END
	PROJECTION
	"init=epsg:3857"
	END
	LEGEND
	  STATUS ON
	  KEYSIZE 18 12
	  KEYSPACING 15 5
	  # LABEL object
	  LABEL
	    TYPE BITMAP
	    SIZE small
	    COLOR 0 0 89
	  END
	END

	WEB


	METADATA
	"ows_enable_request" "*"
	"wms_enable_request" "*"
	"wfs_enable_request" "*"
	"sos_enable_request" "*"
	"wcs_enable_request" "*"
	"wms_title"		"sm_rivers_l1_epsg3857_wide"
	"wms_srs"	"EPSG:4326 EPSG:3857 EPSG:3035"
	END

	END
LAYER
PROJECTION
AUTO
END

DATA '/var/s3fs/baselayers/sm_rivers/sm_rivers_l1_epsg3857_wide.shp'
NAME "sm_rivers_l1_epsg3857_wide"
TYPE LINE
METADATA
"gml_featureid"		"gid"
"gml_include_items"	"all"
"wms_title"		"sm_rivers_l1_epsg3857_wide"
"ows_include_items" "all"
END

CLASS
    NAME "sm_rivers_l1_epsg3857_wide"
    STYLE
      WIDTH 1
      COLOR "#0D6EFD"
    END
END # CLASS




END

END #MAP