
	MAP
	NAME SEEMHEWS
	STATUS ON
	IMAGECOLOR 255 255 255
	SIZE 250 250
	EXTENT 8.5 45.36 8.8 45.60
	UNITS dd
	MAXSIZE 250000
	CONFIG "MS_ERRORFILE" "/home/logs/t.log"
	FONTSET "/etc/mapserver/font.txt"
	OUTPUTFORMAT
	  NAME "png8"
	  DRIVER AGG/PNG8
	  MIMETYPE "image/png; mode=8bit"
	  IMAGEMODE RGB
	  EXTENSION "png"
	  FORMATOPTION "QUANTIZE_FORCE=on"
	  FORMATOPTION "QUANTIZE_COLORS=256"
	  FORMATOPTION "GAMMA=0.75"
	END
	PROJECTION
	"init=epsg:4326"
	END
	LEGEND
	  STATUS ON
	  KEYSIZE 18 12
	  KEYSPACING 15 5
	  # LABEL object
	  LABEL
	    TYPE BITMAP
	    SIZE small
	    COLOR 0 0 89
	  END
	END

	WEB


	METADATA
	"ows_enable_request" "*"
	"wms_enable_request" "*"
	"wfs_enable_request" "*"
	"sos_enable_request" "*"
	"wcs_enable_request" "*"
	"wms_title"		"t"
	"wms_srs"	"EPSG:4326 EPSG:3857 EPSG:3035"
	END

	END
LAYER
VALIDATION
	"run" "[a-zA-Z_\-\s0-9\.\/]+"
	"step" "[a-zA-Z_\-\s0-9\.\/]+"
	"model" "[a-zA-Z_\-\s0-9\.\/]+"
	"level" "[a-zA-Z_\-\s0-9\.\/]+"
END
DATA '/var/s3fs/nwp/GEOTIFF/%model%/%run%/%run%_%step%_t_%level%.tif'
NAME "t"
TYPE RASTER
METADATA
"gml_featureid"		"gid"
"gml_include_items"	"all"
"wms_title"		"t"
"ows_include_items" "all"
END
OPACITY 100
STATUS OFF
PROJECTION
#"init=epsg:4326"
    AUTO
END

CLASS
  NAME "-96 -92"
  EXPRESSION ([pixel] >= -96 AND [pixel] < -92)
  STYLE
    COLOR "#000019"
  END #STYLE
END #end class

CLASS
NAME "-92 -88"
  EXPRESSION ([pixel] >= -92 AND [pixel] < -88)
  STYLE
    COLOR "#080022"
  END #STYLE
END #end class


CLASS
NAME "-88 -84"
  EXPRESSION ([pixel] >= -88 AND [pixel] < -84)
  STYLE
    COLOR "#10002B"
  END #STYLE
END #end class

CLASS
NAME "-84 -80"
  EXPRESSION ([pixel] >= -84 AND [pixel] < -80)
  STYLE
    COLOR "#180035"
  END #STYLE
END #end class

CLASS
NAME "-80 -76"
  EXPRESSION ([pixel] >= -80 AND [pixel] < -76)
  STYLE
    COLOR "#20003E"
  END #STYLE
END #end class

CLASS
NAME "-76 -72"
  EXPRESSION ([pixel] >= -76 AND [pixel] < -72)
  STYLE
    COLOR "#280047"
  END #STYLE
END #end class


CLASS
NAME "-72 -68"
  EXPRESSION ([pixel] >= -72 AND [pixel] < -68)
  STYLE
    COLOR "#300051"
  END #STYLE
END #end class

CLASS
NAME "-68 -64"
  EXPRESSION ([pixel] >= -68 AND [pixel] < -64)
  STYLE
    COLOR "#38005A"
  END #STYLE
END #end class

CLASS
NAME "-64 -60"
  EXPRESSION ([pixel] >= -64 AND [pixel] < -60)
  STYLE
    COLOR "#400063"
  END #STYLE
END #end class

CLASS
NAME "-60 -56"
  EXPRESSION ([pixel] >= -60 AND [pixel] < -56)
  STYLE
    COLOR "#48006D"
  END #STYLE
END #end class

CLASS
NAME "-56 -52"
  EXPRESSION ([pixel] >= -56 AND [pixel] < -52)
  STYLE
    COLOR "#500076"
  END #STYLE
END #end class

CLASS
NAME "-52 -48"
  EXPRESSION ([pixel] >= -52 AND [pixel] < -48)
  STYLE
    COLOR "#7B11B3"
  END #STYLE
END #end class

CLASS
NAME "-48 -44"
  EXPRESSION ([pixel] >= -48 AND [pixel] < -44)
  STYLE
    COLOR "#8000D9"
  END #STYLE
END #end class

CLASS
NAME "-44 -40"
  EXPRESSION ([pixel] >= -44 AND [pixel] < -40)
  STYLE
    COLOR "#8000FF"
  END #STYLE
END #end class

CLASS
NAME "-40 -36"
  EXPRESSION ([pixel] >= -40 AND [pixel] < -36)
  STYLE
    COLOR "#6B14FF"
  END #STYLE
END #end class

CLASS
NAME "-36 -32"
  EXPRESSION ([pixel] >= -36 AND [pixel] < -32)
  STYLE
    COLOR "#5C28FF"
  END #STYLE
END #end class

CLASS
NAME "-32 -28"
  EXPRESSION ([pixel] >= -32 AND [pixel] < -28)
  STYLE
    COLOR "#4040FF"
  END #STYLE
END #end class

CLASS
NAME "-28 -24"
  EXPRESSION ([pixel] >= -28 AND [pixel] < -24)
  STYLE
    COLOR "#1966FF"
  END #STYLE
END #end class

CLASS
NAME "-24 -20"
  EXPRESSION ([pixel] >= -24 AND [pixel] < -20)
  STYLE
    COLOR "#0080FF"
  END #STYLE
END #end class

CLASS
NAME "-20 -16"
  EXPRESSION ([pixel] >= -20 AND [pixel] < -16)
  STYLE
    COLOR "#0099FF"
  END #STYLE
END #end class

CLASS
NAME "-16 -12"
  EXPRESSION ([pixel] >= -16 AND [pixel] < -12)
  STYLE
    COLOR "#00B3FF"
  END #STYLE
END #end class

CLASS
NAME "-12 -8"
  EXPRESSION ([pixel] >= -12 AND [pixel] < -8)
  STYLE
    COLOR "#00CCFF"
  END #STYLE
END #end class

CLASS
NAME "-8 -4"
  EXPRESSION ([pixel] >= -8 AND [pixel] < -4)
  STYLE
    COLOR "#00E6FF"
  END #STYLE
END #end class

CLASS
NAME "-4 -0"
  EXPRESSION ([pixel] >= -4 AND [pixel] < -0)
  STYLE
    COLOR "#00FFFF"
  END #STYLE
END #end class

CLASS
NAME "0 4"
  EXPRESSION ([pixel] >= 0 AND [pixel] < 4)
  STYLE
    COLOR "#00FF80"
  END #STYLE
END #end class

CLASS
NAME "4 8"
  EXPRESSION ([pixel] >= 4 AND [pixel] < 8)
  STYLE
    COLOR "#80FF00"
  END #STYLE
END #end class

CLASS
NAME "8 12"
  EXPRESSION ([pixel] >= 8 AND [pixel] < 12)
  STYLE
    COLOR "#DAFF00"
  END #STYLE
END #end class

CLASS
NAME "12 16"
  EXPRESSION ([pixel] >= 12 AND [pixel] < 16)
  STYLE
    COLOR "#FFFF00"
  END #STYLE
END #end class

CLASS
NAME "16 20"
  EXPRESSION ([pixel] >= 16 AND [pixel] < 20)
  STYLE
    COLOR "#FFF600"
  END #STYLE
END #end class

CLASS
NAME "20 24"
  EXPRESSION ([pixel] >= 20 AND [pixel] < 24)
  STYLE
    COLOR "#FFDA00"
  END #STYLE
END #end class

CLASS
NAME "24 28"
  EXPRESSION ([pixel] >= 24 AND [pixel] < 28)
  STYLE
    COLOR "#FFB000"
  END #STYLE
END #end class

CLASS
NAME "28 32"
  EXPRESSION ([pixel] >= 28 AND [pixel] < 32)
  STYLE
    COLOR "#FF8000"
  END #STYLE
END #end class

CLASS
NAME "32 36"
  EXPRESSION ([pixel] >= 32 AND [pixel] < 36)
  STYLE
    COLOR "#FF4F00"
  END #STYLE
END #end class

CLASS
NAME "36 40"
  EXPRESSION ([pixel] >= 36 AND [pixel] < 40)
  STYLE
    COLOR "#D4340E"
  END #STYLE
END #end class

CLASS
NAME "40 44"
  EXPRESSION ([pixel] >= 40 AND [pixel] < 44)
  STYLE
    COLOR "#AA1A1D"
  END #STYLE
END #end class

CLASS
NAME "44 48"
  EXPRESSION ([pixel] >= 44 AND [pixel] < 48)
  STYLE
    COLOR "#80002C"
  END #STYLE
END #end class

CLASS
NAME "48 52"
  EXPRESSION ([pixel] >= 48 AND [pixel] < 52)
  STYLE
    COLOR "#FF00FF"
  END #STYLE
END #end class

CLASS
NAME "52 56"
  EXPRESSION ([pixel] >= 52 AND [pixel] < 56)
  STYLE
    COLOR "#FF80FF"
  END #STYLE
END #end class

END

END #MAP