
	MAP
	NAME SEEMHEWS
	STATUS ON
	IMAGECOLOR 255 255 255
	SIZE 250 250
	EXTENT 8.5 45.36 8.8 45.60
	UNITS dd
	MAXSIZE 250000
	CONFIG "MS_ERRORFILE" "/home/logs/w.log"
	FONTSET "/etc/mapserver/font.txt"
	OUTPUTFORMAT
	  NAME "png8"
	  DRIVER AGG/PNG8
	  MIMETYPE "image/png; mode=8bit"
	  IMAGEMODE RGB
	  EXTENSION "png"
	  FORMATOPTION "QUANTIZE_FORCE=on"
	  FORMATOPTION "QUANTIZE_COLORS=256"
	  FORMATOPTION "GAMMA=0.75"
	END
	PROJECTION
	"init=epsg:4326"
	END
	LEGEND
	  STATUS ON
	  KEYSIZE 18 12
	  KEYSPACING 15 5
	  # LABEL object
	  LABEL
	    TYPE BITMAP
	    SIZE small
	    COLOR 0 0 89
	  END
	END

	WEB


	METADATA
	"ows_enable_request" "*"
	"wms_enable_request" "*"
	"wfs_enable_request" "*"
	"sos_enable_request" "*"
	"wcs_enable_request" "*"
	"wms_title"		"w"
	"wms_srs"	"EPSG:4326 EPSG:3857 EPSG:3035"
	END

	END
LAYER
VALIDATION
	"run" "[a-zA-Z_\-\s0-9\.\/]+"
	"step" "[a-zA-Z_\-\s0-9\.\/]+"
	"model" "[a-zA-Z_\-\s0-9\.\/]+"
	"level" "[a-zA-Z_\-\s0-9\.\/]+"
END
DATA '/var/s3fs/nwp/GEOTIFF/%model%/%run%/%run%_%step%_w_%level%.tif'
NAME "w"
TYPE RASTER
METADATA
"gml_featureid"		"gid"
"gml_include_items"	"all"
"wms_title"		"w"
"ows_include_items" "all"
END

STATUS OFF
PROJECTION
#"init=epsg:4326"
    AUTO
END

CLASS
NAME "-50 -10"
  EXPRESSION ([pixel] >= -50 AND [pixel] < -10)
  STYLE
    COLOR "#000066"
  END #STYLE
END #end class

CLASS
NAME "-10 -5"
  EXPRESSION ([pixel] >= -10 AND [pixel] < -5)
  STYLE
    COLOR "#0000BF"
  END #STYLE
END #end class


CLASS
NAME "-5 -2"
  EXPRESSION ([pixel] >= -5 AND [pixel] < -2)
  STYLE
    COLOR "#0000FF"
  END #STYLE
END #end class

CLASS
NAME "-2 -1"
  EXPRESSION ([pixel] >= -2 AND [pixel] < -1)
  STYLE
    COLOR "#004CFF"
  END #STYLE
END #end class

CLASS
NAME "-1 -0.5"
  EXPRESSION ([pixel] >= -1 AND [pixel] < -0.5)
  STYLE
    COLOR "#0080FF"
  END #STYLE
END #end class

CLASS
NAME "-0.5 -0.3"
  EXPRESSION ([pixel] >= -0.5 AND [pixel] < -0.3)
  STYLE
    COLOR "#00B3FF"
  END #STYLE
END #end class


CLASS
NAME "-0.3 -0.2"
  EXPRESSION ([pixel] >= -0.3 AND [pixel] < -0.2)
  STYLE
    COLOR "#00D9FF"
  END #STYLE
END #end class

CLASS
NAME "-0.2 -0.2"
  EXPRESSION ([pixel] >= -0.2 AND [pixel] < -0.1)
  STYLE
    COLOR "#19FFFF"
  END #STYLE
END #end class

CLASS
NAME "-0.1 -0.05"
  EXPRESSION ([pixel] >= -0.1 AND [pixel] < -0.05)
  STYLE
    COLOR "#99FFFF"
  END #STYLE
END #end class

CLASS
NAME "-0.05 0.05"
  EXPRESSION ([pixel] >= -0.05 AND [pixel] < 0.05)
  STYLE
    COLOR "#FFFFFF"
  END #STYLE
END #end class

CLASS
NAME "0.05 0.1"
  EXPRESSION ([pixel] >= 0.05 AND [pixel] < 0.1)
  STYLE
    COLOR "#FFFF00"
  END #STYLE
END #end class

CLASS
NAME "0.1 0.2"
  EXPRESSION ([pixel] >= 0.1 AND [pixel] < 0.2)
  STYLE
    COLOR "#FFD900"
  END #STYLE
END #end class

CLASS
NAME "0.2 0.3"
  EXPRESSION ([pixel] >= 0.2 AND [pixel] < 0.3)
  STYLE
    COLOR "#FFB300"
  END #STYLE
END #end class

CLASS
NAME "0.3 0.5"
  EXPRESSION ([pixel] >= 0.3 AND [pixel] < 0.5)
  STYLE
    COLOR "#FF8C00"
  END #STYLE
END #end class

CLASS
NAME "0.5 1"
  EXPRESSION ([pixel] >= 0.5 AND [pixel] < 1)
  STYLE
    COLOR "#FF6600"
  END #STYLE
END #end class

CLASS
NAME "1 2"
  EXPRESSION ([pixel] >= 1 AND [pixel] < 2)
  STYLE
    COLOR "#FF1900"
  END #STYLE
END #end class

CLASS
NAME "2 5"
  EXPRESSION ([pixel] >= 2 AND [pixel] < 5)
  STYLE
    COLOR "#D90000"
  END #STYLE
END #end class

CLASS
NAME "5 10"
  EXPRESSION ([pixel] >= 5 AND [pixel] < 10)
  STYLE
    COLOR "#990000"
  END #STYLE
END #end class

CLASS
NAME "10 50"
  EXPRESSION ([pixel] >= 10 AND [pixel] < 50)
  STYLE
    COLOR "#660000"
  END #STYLE
END #end class


END

END #MAP